// Vitest Snapshot v1, https://vitest.dev/guide/snapshot.html

exports[`stateless MCP protocol > keeps exact role catalogs and their serialized context sizes under review 1`] = `
{
  "combined": {
    "byteSize": 946991,
    "toolNames": [
      "patch_account",
      "get_account_events",
      "get_account_events_by_slug_certificates",
      "get_account_events_by_slug_entry",
      "get_account_events_by_slug_feedback",
      "get_account_events_by_slug_gallery",
      "get_account_events_by_slug_judging",
      "get_account_events_by_slug_judging_assignments_by_assignmentId",
      "get_account_events_by_slug_operations",
      "get_account_events_by_slug_participants",
      "get_account_events_by_slug_prizes",
      "get_account_events_by_slug_rosters",
      "get_account_events_by_slug_settings",
      "get_account_events_by_slug_submissions",
      "get_account_events_by_slug_teams",
      "get_account_events_by_slug_workspace",
      "get_account_judging",
      "get_account_overview",
      "get_account_staff_workspace",
      "post_events_by_eventId_actions_advance-pitch-presentation",
      "post_events_by_eventId_actions_announce-winners",
      "post_events_by_eventId_actions_complete",
      "post_events_by_eventId_actions_hide",
      "post_events_by_eventId_actions_open-registration",
      "post_events_by_eventId_actions_open-submission",
      "post_events_by_eventId_actions_start-blind-review",
      "post_events_by_eventId_actions_start-final-deliberation",
      "post_events_by_eventId_actions_start-judging-preparation",
      "post_events_by_eventId_actions_start-pitch-review",
      "post_events_by_eventId_actions_start-pitch",
      "post_events_by_eventId_actions_start-shortlist",
      "post_events_by_eventId_actions_unhide",
      "get_events_by_eventId_admin_credits",
      "post_events_by_eventId_applications_by_applicationId_actions_approve",
      "post_events_by_eventId_applications_by_applicationId_actions_override-check-in",
      "post_events_by_eventId_applications_by_applicationId_actions_reject",
      "post_events_by_eventId_applications_by_applicationId_actions_set-certificate-revocation",
      "post_events_by_eventId_applications_by_applicationId_actions_undo-withdrawal",
      "post_events_by_eventId_applications_by_applicationId_actions_withdraw",
      "post_events_by_eventId_applications_actions_apply-staged-decisions",
      "get_events_by_eventId_applications",
      "post_events_by_eventId_applications",
      "get_events_by_eventId_applications_me",
      "post_events_by_eventId_applications_me_actions_select-track",
      "post_events_by_eventId_applications_me_actions_set-certificate-visibility",
      "post_events_by_eventId_applications_me_actions_verify-luma-email",
      "post_events_by_eventId_applications_me_actions_withdraw",
      "get_events_by_eventId_audit",
      "delete_events_by_eventId_credits_by_creditId",
      "patch_events_by_eventId_credits_by_creditId",
      "post_events_by_eventId_credits_by_creditId_actions_claim",
      "get_events_by_eventId_credits",
      "post_events_by_eventId_credits",
      "delete_events_by_eventId_evaluation-criteria_by_criterionId",
      "patch_events_by_eventId_evaluation-criteria_by_criterionId",
      "get_events_by_eventId_evaluation-criteria",
      "post_events_by_eventId_evaluation-criteria",
      "get_events_by_eventId_feedback",
      "post_events_by_eventId_final-deliberation_actions_reorder",
      "get_events_by_eventId_final-deliberation",
      "get_events_by_eventId",
      "patch_events_by_eventId",
      "get_events_by_eventId_judges",
      "post_events_by_eventId_judging_assignments_by_assignmentId_actions_complete",
      "post_events_by_eventId_judging_assignments_by_assignmentId_actions_force-skip",
      "post_events_by_eventId_judging_assignments_by_assignmentId_actions_mark-ineligible",
      "post_events_by_eventId_judging_assignments_by_assignmentId_actions_reassign",
      "post_events_by_eventId_judging_assignments_by_assignmentId_actions_revert-ineligibility",
      "post_events_by_eventId_judging_assignments_by_assignmentId_actions_skip",
      "post_events_by_eventId_judging_assignments_by_assignmentId_actions_start",
      "get_events_by_eventId_judging_assignments_by_assignmentId",
      "patch_events_by_eventId_judging_assignments_by_assignmentId",
      "get_events_by_eventId_judging_assignments",
      "get_events_by_eventId_judging_summary",
      "get_events_by_eventId_leaderboard",
      "get_events_by_eventId_no-submission-teams",
      "delete_events_by_eventId_photos_by_photoId",
      "patch_events_by_eventId_photos_by_photoId_highlight",
      "patch_events_by_eventId_photos_by_photoId_public-visibility",
      "get_events_by_eventId_photos",
      "get_events_by_eventId_prize-redemptions",
      "delete_events_by_eventId_prizes_by_prizeId",
      "patch_events_by_eventId_prizes_by_prizeId",
      "get_events_by_eventId_prizes",
      "post_events_by_eventId_prizes",
      "get_events_by_eventId_published-projects",
      "get_events_by_eventId_rank_me",
      "delete_events_by_eventId_roles_by_userId",
      "patch_events_by_eventId_roles_by_userId",
      "put_events_by_eventId_roles_by_userId",
      "get_events_by_eventId_roles_candidates",
      "get_events_by_eventId_roles",
      "post_events_by_eventId_shortlist_actions_select-finalists",
      "get_events_by_eventId_shortlist",
      "get_events_by_eventId_simplified-claiming",
      "get_events_by_eventId_staff",
      "get_events_by_eventId_submissions_summary",
      "post_events_by_eventId_talk-proposals_by_proposalId_actions_accept",
      "post_events_by_eventId_talk-proposals_by_proposalId_actions_reject",
      "get_events_by_eventId_talk-proposals_by_proposalId",
      "get_events_by_eventId_talk-proposals",
      "get_events_by_eventId_talk-proposals_me",
      "patch_events_by_eventId_talk-proposals_me",
      "post_events_by_eventId_talk-proposals_me",
      "post_events_by_eventId_talk-proposals_me_actions_revise",
      "post_events_by_eventId_talk-proposals_me_actions_submit",
      "post_events_by_eventId_talk-proposals_me_actions_withdraw",
      "post_events_by_eventId_team-join-requests_by_requestId_actions_approve",
      "post_events_by_eventId_team-join-requests_by_requestId_actions_cancel",
      "post_events_by_eventId_team-join-requests_by_requestId_actions_reject",
      "post_events_by_eventId_team-join-requests",
      "post_events_by_eventId_teams_by_teamId_actions_leave",
      "get_events_by_eventId_teams_by_teamId",
      "patch_events_by_eventId_teams_by_teamId",
      "patch_events_by_eventId_teams_by_teamId_join-policy",
      "get_events_by_eventId_teams_by_teamId_join-requests",
      "post_events_by_eventId_teams_by_teamId_members_by_userId_actions_make-admin",
      "post_events_by_eventId_teams_by_teamId_members_by_userId_actions_remove",
      "post_events_by_eventId_teams_by_teamId_submission_actions_admin-withdraw",
      "post_events_by_eventId_teams_by_teamId_submission_actions_disqualify",
      "post_events_by_eventId_teams_by_teamId_submission_actions_submit",
      "post_events_by_eventId_teams_by_teamId_submission_actions_withdraw",
      "get_events_by_eventId_teams_by_teamId_submission",
      "patch_events_by_eventId_teams_by_teamId_submission",
      "post_events_by_eventId_teams_by_teamId_submission",
      "patch_events_by_eventId_teams_by_teamId_submission_public-visibility",
      "get_events_by_eventId_teams",
      "post_events_by_eventId_teams",
      "get_events_by_eventId_teams_submission-monitor",
      "post_events_by_eventId_terms_by_documentType_actions_set-current",
      "get_events_by_eventId_terms_by_documentType_versions",
      "post_events_by_eventId_terms_by_documentType_versions",
      "get_events_by_eventId_terms_current",
      "get_events_by_eventId_winners",
      "post_events_builder_analyze",
      "get_events_builder_catalog",
      "get_events",
      "post_events",
      "get_events_participation",
      "get_events_slug_by_slug",
      "get_events_slug_by_slug_simplified-claim",
      "post_events_slug_by_slug_simplified-claim_actions_redeem",
      "post_platform-document-acceptances",
      "get_platform-documents_by_documentType_versions",
      "get_platform-documents_current",
      "get_platform-legal-settings_current",
      "get_platform-settings_current",
      "post_prize-redemptions_by_redemptionId_actions_redeem",
      "get_prize-redemptions_me",
      "get_prize_redemptions_workspace",
      "get_public_events_by_slug_evaluation-criteria",
      "get_public_events_by_slug",
      "get_public_events_by_slug_participants_by_userId_certificate",
      "get_public_events_by_slug_photos",
      "get_public_events_by_slug_prizes",
      "get_public_events_by_slug_published-projects",
      "get_public_events_by_slug_winners",
      "get_public_events",
    ],
  },
  "eventAdmin": {
    "byteSize": 851713,
    "toolNames": [
      "patch_account",
      "get_account_events",
      "get_account_events_by_slug_certificates",
      "get_account_events_by_slug_entry",
      "get_account_events_by_slug_feedback",
      "get_account_events_by_slug_gallery",
      "get_account_events_by_slug_judging",
      "get_account_events_by_slug_operations",
      "get_account_events_by_slug_participants",
      "get_account_events_by_slug_prizes",
      "get_account_events_by_slug_rosters",
      "get_account_events_by_slug_settings",
      "get_account_events_by_slug_submissions",
      "get_account_events_by_slug_teams",
      "get_account_events_by_slug_workspace",
      "get_account_overview",
      "get_account_staff_workspace",
      "post_events_by_eventId_actions_advance-pitch-presentation",
      "post_events_by_eventId_actions_announce-winners",
      "post_events_by_eventId_actions_complete",
      "post_events_by_eventId_actions_hide",
      "post_events_by_eventId_actions_open-registration",
      "post_events_by_eventId_actions_open-submission",
      "post_events_by_eventId_actions_start-blind-review",
      "post_events_by_eventId_actions_start-final-deliberation",
      "post_events_by_eventId_actions_start-judging-preparation",
      "post_events_by_eventId_actions_start-pitch-review",
      "post_events_by_eventId_actions_start-pitch",
      "post_events_by_eventId_actions_start-shortlist",
      "post_events_by_eventId_actions_unhide",
      "get_events_by_eventId_admin_credits",
      "post_events_by_eventId_applications_by_applicationId_actions_approve",
      "post_events_by_eventId_applications_by_applicationId_actions_override-check-in",
      "post_events_by_eventId_applications_by_applicationId_actions_reject",
      "post_events_by_eventId_applications_by_applicationId_actions_set-certificate-revocation",
      "post_events_by_eventId_applications_by_applicationId_actions_undo-withdrawal",
      "post_events_by_eventId_applications_by_applicationId_actions_withdraw",
      "post_events_by_eventId_applications_actions_apply-staged-decisions",
      "get_events_by_eventId_applications",
      "post_events_by_eventId_applications",
      "get_events_by_eventId_applications_me",
      "post_events_by_eventId_applications_me_actions_select-track",
      "post_events_by_eventId_applications_me_actions_set-certificate-visibility",
      "post_events_by_eventId_applications_me_actions_verify-luma-email",
      "post_events_by_eventId_applications_me_actions_withdraw",
      "get_events_by_eventId_audit",
      "delete_events_by_eventId_credits_by_creditId",
      "patch_events_by_eventId_credits_by_creditId",
      "post_events_by_eventId_credits_by_creditId_actions_claim",
      "get_events_by_eventId_credits",
      "post_events_by_eventId_credits",
      "delete_events_by_eventId_evaluation-criteria_by_criterionId",
      "patch_events_by_eventId_evaluation-criteria_by_criterionId",
      "get_events_by_eventId_evaluation-criteria",
      "post_events_by_eventId_evaluation-criteria",
      "get_events_by_eventId_feedback",
      "post_events_by_eventId_final-deliberation_actions_reorder",
      "get_events_by_eventId_final-deliberation",
      "get_events_by_eventId",
      "patch_events_by_eventId",
      "get_events_by_eventId_judges",
      "post_events_by_eventId_judging_assignments_by_assignmentId_actions_force-skip",
      "post_events_by_eventId_judging_assignments_by_assignmentId_actions_reassign",
      "post_events_by_eventId_judging_assignments_by_assignmentId_actions_revert-ineligibility",
      "get_events_by_eventId_judging_assignments",
      "get_events_by_eventId_judging_summary",
      "get_events_by_eventId_leaderboard",
      "get_events_by_eventId_no-submission-teams",
      "delete_events_by_eventId_photos_by_photoId",
      "patch_events_by_eventId_photos_by_photoId_highlight",
      "patch_events_by_eventId_photos_by_photoId_public-visibility",
      "get_events_by_eventId_photos",
      "get_events_by_eventId_prize-redemptions",
      "delete_events_by_eventId_prizes_by_prizeId",
      "patch_events_by_eventId_prizes_by_prizeId",
      "get_events_by_eventId_prizes",
      "post_events_by_eventId_prizes",
      "get_events_by_eventId_published-projects",
      "get_events_by_eventId_rank_me",
      "delete_events_by_eventId_roles_by_userId",
      "patch_events_by_eventId_roles_by_userId",
      "put_events_by_eventId_roles_by_userId",
      "get_events_by_eventId_roles_candidates",
      "get_events_by_eventId_roles",
      "post_events_by_eventId_shortlist_actions_select-finalists",
      "get_events_by_eventId_shortlist",
      "get_events_by_eventId_simplified-claiming",
      "get_events_by_eventId_staff",
      "get_events_by_eventId_submissions_summary",
      "post_events_by_eventId_talk-proposals_by_proposalId_actions_accept",
      "post_events_by_eventId_talk-proposals_by_proposalId_actions_reject",
      "get_events_by_eventId_talk-proposals_by_proposalId",
      "get_events_by_eventId_talk-proposals",
      "get_events_by_eventId_talk-proposals_me",
      "patch_events_by_eventId_talk-proposals_me",
      "post_events_by_eventId_talk-proposals_me",
      "post_events_by_eventId_talk-proposals_me_actions_revise",
      "post_events_by_eventId_talk-proposals_me_actions_submit",
      "post_events_by_eventId_talk-proposals_me_actions_withdraw",
      "post_events_by_eventId_team-join-requests_by_requestId_actions_approve",
      "post_events_by_eventId_team-join-requests_by_requestId_actions_cancel",
      "post_events_by_eventId_team-join-requests_by_requestId_actions_reject",
      "post_events_by_eventId_team-join-requests",
      "post_events_by_eventId_teams_by_teamId_actions_leave",
      "get_events_by_eventId_teams_by_teamId",
      "patch_events_by_eventId_teams_by_teamId",
      "patch_events_by_eventId_teams_by_teamId_join-policy",
      "get_events_by_eventId_teams_by_teamId_join-requests",
      "post_events_by_eventId_teams_by_teamId_members_by_userId_actions_make-admin",
      "post_events_by_eventId_teams_by_teamId_members_by_userId_actions_remove",
      "post_events_by_eventId_teams_by_teamId_submission_actions_admin-withdraw",
      "post_events_by_eventId_teams_by_teamId_submission_actions_disqualify",
      "post_events_by_eventId_teams_by_teamId_submission_actions_submit",
      "post_events_by_eventId_teams_by_teamId_submission_actions_withdraw",
      "get_events_by_eventId_teams_by_teamId_submission",
      "patch_events_by_eventId_teams_by_teamId_submission",
      "post_events_by_eventId_teams_by_teamId_submission",
      "patch_events_by_eventId_teams_by_teamId_submission_public-visibility",
      "get_events_by_eventId_teams",
      "post_events_by_eventId_teams",
      "get_events_by_eventId_teams_submission-monitor",
      "post_events_by_eventId_terms_by_documentType_actions_set-current",
      "get_events_by_eventId_terms_by_documentType_versions",
      "post_events_by_eventId_terms_by_documentType_versions",
      "get_events_by_eventId_terms_current",
      "get_events_by_eventId_winners",
      "get_events",
      "get_events_participation",
      "get_events_slug_by_slug",
      "get_events_slug_by_slug_simplified-claim",
      "post_events_slug_by_slug_simplified-claim_actions_redeem",
      "post_platform-document-acceptances",
      "get_platform-documents_by_documentType_versions",
      "get_platform-documents_current",
      "get_platform-legal-settings_current",
      "get_platform-settings_current",
      "post_prize-redemptions_by_redemptionId_actions_redeem",
      "get_prize-redemptions_me",
      "get_prize_redemptions_workspace",
      "get_public_events_by_slug_evaluation-criteria",
      "get_public_events_by_slug",
      "get_public_events_by_slug_participants_by_userId_certificate",
      "get_public_events_by_slug_photos",
      "get_public_events_by_slug_prizes",
      "get_public_events_by_slug_published-projects",
      "get_public_events_by_slug_winners",
      "get_public_events",
    ],
  },
  "judge": {
    "byteSize": 506483,
    "toolNames": [
      "patch_account",
      "get_account_events",
      "get_account_events_by_slug_entry",
      "get_account_events_by_slug_feedback",
      "get_account_events_by_slug_gallery",
      "get_account_events_by_slug_judging",
      "get_account_events_by_slug_judging_assignments_by_assignmentId",
      "get_account_events_by_slug_prizes",
      "get_account_events_by_slug_rosters",
      "get_account_events_by_slug_teams",
      "get_account_events_by_slug_workspace",
      "get_account_judging",
      "get_account_overview",
      "get_account_staff_workspace",
      "post_events_by_eventId_applications",
      "get_events_by_eventId_applications_me",
      "post_events_by_eventId_applications_me_actions_select-track",
      "post_events_by_eventId_applications_me_actions_set-certificate-visibility",
      "post_events_by_eventId_applications_me_actions_verify-luma-email",
      "post_events_by_eventId_applications_me_actions_withdraw",
      "post_events_by_eventId_credits_by_creditId_actions_claim",
      "get_events_by_eventId_credits",
      "get_events_by_eventId_evaluation-criteria",
      "get_events_by_eventId_feedback",
      "get_events_by_eventId_final-deliberation",
      "get_events_by_eventId",
      "get_events_by_eventId_judges",
      "post_events_by_eventId_judging_assignments_by_assignmentId_actions_complete",
      "post_events_by_eventId_judging_assignments_by_assignmentId_actions_mark-ineligible",
      "post_events_by_eventId_judging_assignments_by_assignmentId_actions_skip",
      "post_events_by_eventId_judging_assignments_by_assignmentId_actions_start",
      "get_events_by_eventId_judging_assignments_by_assignmentId",
      "patch_events_by_eventId_judging_assignments_by_assignmentId",
      "get_events_by_eventId_judging_assignments",
      "get_events_by_eventId_leaderboard",
      "delete_events_by_eventId_photos_by_photoId",
      "patch_events_by_eventId_photos_by_photoId_highlight",
      "patch_events_by_eventId_photos_by_photoId_public-visibility",
      "get_events_by_eventId_photos",
      "get_events_by_eventId_prizes",
      "get_events_by_eventId_published-projects",
      "get_events_by_eventId_rank_me",
      "get_events_by_eventId_shortlist",
      "get_events_by_eventId_staff",
      "get_events_by_eventId_talk-proposals_me",
      "patch_events_by_eventId_talk-proposals_me",
      "post_events_by_eventId_talk-proposals_me",
      "post_events_by_eventId_talk-proposals_me_actions_revise",
      "post_events_by_eventId_talk-proposals_me_actions_submit",
      "post_events_by_eventId_talk-proposals_me_actions_withdraw",
      "post_events_by_eventId_team-join-requests_by_requestId_actions_approve",
      "post_events_by_eventId_team-join-requests_by_requestId_actions_cancel",
      "post_events_by_eventId_team-join-requests_by_requestId_actions_reject",
      "post_events_by_eventId_team-join-requests",
      "post_events_by_eventId_teams_by_teamId_actions_leave",
      "get_events_by_eventId_teams_by_teamId",
      "patch_events_by_eventId_teams_by_teamId",
      "patch_events_by_eventId_teams_by_teamId_join-policy",
      "get_events_by_eventId_teams_by_teamId_join-requests",
      "post_events_by_eventId_teams_by_teamId_members_by_userId_actions_make-admin",
      "post_events_by_eventId_teams_by_teamId_members_by_userId_actions_remove",
      "post_events_by_eventId_teams_by_teamId_submission_actions_submit",
      "post_events_by_eventId_teams_by_teamId_submission_actions_withdraw",
      "get_events_by_eventId_teams_by_teamId_submission",
      "patch_events_by_eventId_teams_by_teamId_submission",
      "post_events_by_eventId_teams_by_teamId_submission",
      "patch_events_by_eventId_teams_by_teamId_submission_public-visibility",
      "get_events_by_eventId_teams",
      "post_events_by_eventId_teams",
      "get_events_by_eventId_terms_current",
      "get_events_by_eventId_winners",
      "get_events",
      "get_events_participation",
      "get_events_slug_by_slug",
      "get_events_slug_by_slug_simplified-claim",
      "post_events_slug_by_slug_simplified-claim_actions_redeem",
      "post_platform-document-acceptances",
      "get_platform-documents_by_documentType_versions",
      "get_platform-documents_current",
      "get_platform-legal-settings_current",
      "get_platform-settings_current",
      "post_prize-redemptions_by_redemptionId_actions_redeem",
      "get_prize-redemptions_me",
      "get_prize_redemptions_workspace",
      "get_public_events_by_slug_evaluation-criteria",
      "get_public_events_by_slug",
      "get_public_events_by_slug_participants_by_userId_certificate",
      "get_public_events_by_slug_photos",
      "get_public_events_by_slug_prizes",
      "get_public_events_by_slug_published-projects",
      "get_public_events_by_slug_winners",
      "get_public_events",
    ],
  },
  "organizer": {
    "byteSize": 396500,
    "toolNames": [
      "patch_account",
      "get_account_events",
      "get_account_events_by_slug_entry",
      "get_account_events_by_slug_gallery",
      "get_account_events_by_slug_prizes",
      "get_account_events_by_slug_rosters",
      "get_account_events_by_slug_teams",
      "get_account_events_by_slug_workspace",
      "get_account_overview",
      "get_account_staff_workspace",
      "post_events_by_eventId_applications",
      "get_events_by_eventId_applications_me",
      "post_events_by_eventId_applications_me_actions_select-track",
      "post_events_by_eventId_applications_me_actions_set-certificate-visibility",
      "post_events_by_eventId_applications_me_actions_verify-luma-email",
      "post_events_by_eventId_applications_me_actions_withdraw",
      "post_events_by_eventId_credits_by_creditId_actions_claim",
      "get_events_by_eventId_credits",
      "get_events_by_eventId_evaluation-criteria",
      "get_events_by_eventId",
      "get_events_by_eventId_judges",
      "get_events_by_eventId_photos",
      "get_events_by_eventId_prizes",
      "get_events_by_eventId_published-projects",
      "get_events_by_eventId_rank_me",
      "get_events_by_eventId_staff",
      "get_events_by_eventId_talk-proposals_me",
      "patch_events_by_eventId_talk-proposals_me",
      "post_events_by_eventId_talk-proposals_me",
      "post_events_by_eventId_talk-proposals_me_actions_revise",
      "post_events_by_eventId_talk-proposals_me_actions_submit",
      "post_events_by_eventId_talk-proposals_me_actions_withdraw",
      "post_events_by_eventId_team-join-requests_by_requestId_actions_approve",
      "post_events_by_eventId_team-join-requests_by_requestId_actions_cancel",
      "post_events_by_eventId_team-join-requests_by_requestId_actions_reject",
      "post_events_by_eventId_team-join-requests",
      "post_events_by_eventId_teams_by_teamId_actions_leave",
      "get_events_by_eventId_teams_by_teamId",
      "patch_events_by_eventId_teams_by_teamId",
      "patch_events_by_eventId_teams_by_teamId_join-policy",
      "get_events_by_eventId_teams_by_teamId_join-requests",
      "post_events_by_eventId_teams_by_teamId_members_by_userId_actions_make-admin",
      "post_events_by_eventId_teams_by_teamId_members_by_userId_actions_remove",
      "post_events_by_eventId_teams_by_teamId_submission_actions_submit",
      "post_events_by_eventId_teams_by_teamId_submission_actions_withdraw",
      "get_events_by_eventId_teams_by_teamId_submission",
      "patch_events_by_eventId_teams_by_teamId_submission",
      "post_events_by_eventId_teams_by_teamId_submission",
      "patch_events_by_eventId_teams_by_teamId_submission_public-visibility",
      "get_events_by_eventId_teams",
      "post_events_by_eventId_teams",
      "get_events_by_eventId_terms_current",
      "get_events_by_eventId_winners",
      "post_events_builder_analyze",
      "get_events_builder_catalog",
      "get_events",
      "post_events",
      "get_events_participation",
      "get_events_slug_by_slug",
      "get_events_slug_by_slug_simplified-claim",
      "post_events_slug_by_slug_simplified-claim_actions_redeem",
      "post_platform-document-acceptances",
      "get_platform-documents_by_documentType_versions",
      "get_platform-documents_current",
      "get_platform-legal-settings_current",
      "get_platform-settings_current",
      "post_prize-redemptions_by_redemptionId_actions_redeem",
      "get_prize-redemptions_me",
      "get_prize_redemptions_workspace",
      "get_public_events_by_slug_evaluation-criteria",
      "get_public_events_by_slug",
      "get_public_events_by_slug_participants_by_userId_certificate",
      "get_public_events_by_slug_photos",
      "get_public_events_by_slug_prizes",
      "get_public_events_by_slug_published-projects",
      "get_public_events_by_slug_winners",
      "get_public_events",
    ],
  },
  "participant": {
    "byteSize": 370781,
    "toolNames": [
      "patch_account",
      "get_account_events",
      "get_account_events_by_slug_entry",
      "get_account_events_by_slug_gallery",
      "get_account_events_by_slug_prizes",
      "get_account_events_by_slug_rosters",
      "get_account_events_by_slug_teams",
      "get_account_events_by_slug_workspace",
      "get_account_overview",
      "get_account_staff_workspace",
      "post_events_by_eventId_applications",
      "get_events_by_eventId_applications_me",
      "post_events_by_eventId_applications_me_actions_select-track",
      "post_events_by_eventId_applications_me_actions_set-certificate-visibility",
      "post_events_by_eventId_applications_me_actions_verify-luma-email",
      "post_events_by_eventId_applications_me_actions_withdraw",
      "post_events_by_eventId_credits_by_creditId_actions_claim",
      "get_events_by_eventId_credits",
      "get_events_by_eventId_evaluation-criteria",
      "get_events_by_eventId",
      "get_events_by_eventId_judges",
      "get_events_by_eventId_photos",
      "get_events_by_eventId_prizes",
      "get_events_by_eventId_published-projects",
      "get_events_by_eventId_rank_me",
      "get_events_by_eventId_staff",
      "get_events_by_eventId_talk-proposals_me",
      "patch_events_by_eventId_talk-proposals_me",
      "post_events_by_eventId_talk-proposals_me",
      "post_events_by_eventId_talk-proposals_me_actions_revise",
      "post_events_by_eventId_talk-proposals_me_actions_submit",
      "post_events_by_eventId_talk-proposals_me_actions_withdraw",
      "post_events_by_eventId_team-join-requests_by_requestId_actions_approve",
      "post_events_by_eventId_team-join-requests_by_requestId_actions_cancel",
      "post_events_by_eventId_team-join-requests_by_requestId_actions_reject",
      "post_events_by_eventId_team-join-requests",
      "post_events_by_eventId_teams_by_teamId_actions_leave",
      "get_events_by_eventId_teams_by_teamId",
      "patch_events_by_eventId_teams_by_teamId",
      "patch_events_by_eventId_teams_by_teamId_join-policy",
      "get_events_by_eventId_teams_by_teamId_join-requests",
      "post_events_by_eventId_teams_by_teamId_members_by_userId_actions_make-admin",
      "post_events_by_eventId_teams_by_teamId_members_by_userId_actions_remove",
      "post_events_by_eventId_teams_by_teamId_submission_actions_submit",
      "post_events_by_eventId_teams_by_teamId_submission_actions_withdraw",
      "get_events_by_eventId_teams_by_teamId_submission",
      "patch_events_by_eventId_teams_by_teamId_submission",
      "post_events_by_eventId_teams_by_teamId_submission",
      "patch_events_by_eventId_teams_by_teamId_submission_public-visibility",
      "get_events_by_eventId_teams",
      "post_events_by_eventId_teams",
      "get_events_by_eventId_terms_current",
      "get_events_by_eventId_winners",
      "get_events",
      "get_events_participation",
      "get_events_slug_by_slug",
      "get_events_slug_by_slug_simplified-claim",
      "post_events_slug_by_slug_simplified-claim_actions_redeem",
      "post_platform-document-acceptances",
      "get_platform-documents_by_documentType_versions",
      "get_platform-documents_current",
      "get_platform-legal-settings_current",
      "get_platform-settings_current",
      "post_prize-redemptions_by_redemptionId_actions_redeem",
      "get_prize-redemptions_me",
      "get_prize_redemptions_workspace",
      "get_public_events_by_slug_evaluation-criteria",
      "get_public_events_by_slug",
      "get_public_events_by_slug_participants_by_userId_certificate",
      "get_public_events_by_slug_photos",
      "get_public_events_by_slug_prizes",
      "get_public_events_by_slug_published-projects",
      "get_public_events_by_slug_winners",
      "get_public_events",
    ],
  },
  "platformAdmin": {
    "byteSize": 961880,
    "toolNames": [
      "patch_account",
      "get_account_events",
      "get_account_events_by_slug_certificates",
      "get_account_events_by_slug_entry",
      "get_account_events_by_slug_feedback",
      "get_account_events_by_slug_gallery",
      "get_account_events_by_slug_judging",
      "get_account_events_by_slug_judging_assignments_by_assignmentId",
      "get_account_events_by_slug_operations",
      "get_account_events_by_slug_participants",
      "get_account_events_by_slug_prizes",
      "get_account_events_by_slug_rosters",
      "get_account_events_by_slug_settings",
      "get_account_events_by_slug_submissions",
      "get_account_events_by_slug_teams",
      "get_account_events_by_slug_workspace",
      "get_account_judging",
      "get_account_overview",
      "get_account_staff_workspace",
      "get_audit",
      "delete_event-organizers_by_userId",
      "put_event-organizers_by_userId",
      "get_event-organizers_candidates",
      "get_event-organizers",
      "post_events_by_eventId_actions_advance-pitch-presentation",
      "post_events_by_eventId_actions_announce-winners",
      "post_events_by_eventId_actions_complete",
      "post_events_by_eventId_actions_hide",
      "post_events_by_eventId_actions_open-registration",
      "post_events_by_eventId_actions_open-submission",
      "post_events_by_eventId_actions_start-blind-review",
      "post_events_by_eventId_actions_start-final-deliberation",
      "post_events_by_eventId_actions_start-judging-preparation",
      "post_events_by_eventId_actions_start-pitch-review",
      "post_events_by_eventId_actions_start-pitch",
      "post_events_by_eventId_actions_start-shortlist",
      "post_events_by_eventId_actions_unhide",
      "get_events_by_eventId_admin_credits",
      "post_events_by_eventId_applications_by_applicationId_actions_approve",
      "post_events_by_eventId_applications_by_applicationId_actions_override-check-in",
      "post_events_by_eventId_applications_by_applicationId_actions_reject",
      "post_events_by_eventId_applications_by_applicationId_actions_set-certificate-revocation",
      "post_events_by_eventId_applications_by_applicationId_actions_undo-withdrawal",
      "post_events_by_eventId_applications_by_applicationId_actions_withdraw",
      "post_events_by_eventId_applications_actions_apply-staged-decisions",
      "get_events_by_eventId_applications",
      "post_events_by_eventId_applications",
      "get_events_by_eventId_applications_me",
      "post_events_by_eventId_applications_me_actions_select-track",
      "post_events_by_eventId_applications_me_actions_set-certificate-visibility",
      "post_events_by_eventId_applications_me_actions_verify-luma-email",
      "post_events_by_eventId_applications_me_actions_withdraw",
      "get_events_by_eventId_audit",
      "delete_events_by_eventId_credits_by_creditId",
      "patch_events_by_eventId_credits_by_creditId",
      "post_events_by_eventId_credits_by_creditId_actions_claim",
      "get_events_by_eventId_credits",
      "post_events_by_eventId_credits",
      "delete_events_by_eventId_evaluation-criteria_by_criterionId",
      "patch_events_by_eventId_evaluation-criteria_by_criterionId",
      "get_events_by_eventId_evaluation-criteria",
      "post_events_by_eventId_evaluation-criteria",
      "get_events_by_eventId_feedback",
      "post_events_by_eventId_final-deliberation_actions_reorder",
      "get_events_by_eventId_final-deliberation",
      "get_events_by_eventId",
      "patch_events_by_eventId",
      "get_events_by_eventId_judges",
      "post_events_by_eventId_judging_assignments_by_assignmentId_actions_complete",
      "post_events_by_eventId_judging_assignments_by_assignmentId_actions_force-skip",
      "post_events_by_eventId_judging_assignments_by_assignmentId_actions_mark-ineligible",
      "post_events_by_eventId_judging_assignments_by_assignmentId_actions_reassign",
      "post_events_by_eventId_judging_assignments_by_assignmentId_actions_revert-ineligibility",
      "post_events_by_eventId_judging_assignments_by_assignmentId_actions_skip",
      "post_events_by_eventId_judging_assignments_by_assignmentId_actions_start",
      "get_events_by_eventId_judging_assignments_by_assignmentId",
      "patch_events_by_eventId_judging_assignments_by_assignmentId",
      "get_events_by_eventId_judging_assignments",
      "get_events_by_eventId_judging_summary",
      "get_events_by_eventId_leaderboard",
      "get_events_by_eventId_no-submission-teams",
      "delete_events_by_eventId_photos_by_photoId",
      "patch_events_by_eventId_photos_by_photoId_highlight",
      "patch_events_by_eventId_photos_by_photoId_public-visibility",
      "get_events_by_eventId_photos",
      "get_events_by_eventId_prize-redemptions",
      "delete_events_by_eventId_prizes_by_prizeId",
      "patch_events_by_eventId_prizes_by_prizeId",
      "get_events_by_eventId_prizes",
      "post_events_by_eventId_prizes",
      "get_events_by_eventId_published-projects",
      "get_events_by_eventId_rank_me",
      "delete_events_by_eventId_roles_by_userId",
      "patch_events_by_eventId_roles_by_userId",
      "put_events_by_eventId_roles_by_userId",
      "get_events_by_eventId_roles_candidates",
      "get_events_by_eventId_roles",
      "post_events_by_eventId_shortlist_actions_select-finalists",
      "get_events_by_eventId_shortlist",
      "get_events_by_eventId_simplified-claiming",
      "get_events_by_eventId_staff",
      "get_events_by_eventId_submissions_summary",
      "post_events_by_eventId_talk-proposals_by_proposalId_actions_accept",
      "post_events_by_eventId_talk-proposals_by_proposalId_actions_reject",
      "get_events_by_eventId_talk-proposals_by_proposalId",
      "get_events_by_eventId_talk-proposals",
      "get_events_by_eventId_talk-proposals_me",
      "patch_events_by_eventId_talk-proposals_me",
      "post_events_by_eventId_talk-proposals_me",
      "post_events_by_eventId_talk-proposals_me_actions_revise",
      "post_events_by_eventId_talk-proposals_me_actions_submit",
      "post_events_by_eventId_talk-proposals_me_actions_withdraw",
      "post_events_by_eventId_team-join-requests_by_requestId_actions_approve",
      "post_events_by_eventId_team-join-requests_by_requestId_actions_cancel",
      "post_events_by_eventId_team-join-requests_by_requestId_actions_reject",
      "post_events_by_eventId_team-join-requests",
      "post_events_by_eventId_teams_by_teamId_actions_leave",
      "get_events_by_eventId_teams_by_teamId",
      "patch_events_by_eventId_teams_by_teamId",
      "patch_events_by_eventId_teams_by_teamId_join-policy",
      "get_events_by_eventId_teams_by_teamId_join-requests",
      "post_events_by_eventId_teams_by_teamId_members_by_userId_actions_make-admin",
      "post_events_by_eventId_teams_by_teamId_members_by_userId_actions_remove",
      "post_events_by_eventId_teams_by_teamId_submission_actions_admin-withdraw",
      "post_events_by_eventId_teams_by_teamId_submission_actions_disqualify",
      "post_events_by_eventId_teams_by_teamId_submission_actions_submit",
      "post_events_by_eventId_teams_by_teamId_submission_actions_withdraw",
      "get_events_by_eventId_teams_by_teamId_submission",
      "patch_events_by_eventId_teams_by_teamId_submission",
      "post_events_by_eventId_teams_by_teamId_submission",
      "patch_events_by_eventId_teams_by_teamId_submission_public-visibility",
      "get_events_by_eventId_teams",
      "post_events_by_eventId_teams",
      "get_events_by_eventId_teams_submission-monitor",
      "post_events_by_eventId_terms_by_documentType_actions_set-current",
      "get_events_by_eventId_terms_by_documentType_versions",
      "post_events_by_eventId_terms_by_documentType_versions",
      "get_events_by_eventId_terms_current",
      "get_events_by_eventId_winners",
      "post_events_builder_analyze",
      "get_events_builder_catalog",
      "get_events",
      "post_events",
      "get_events_participation",
      "get_events_slug_by_slug",
      "get_events_slug_by_slug_simplified-claim",
      "post_events_slug_by_slug_simplified-claim_actions_redeem",
      "delete_platform-admins_by_userId",
      "put_platform-admins_by_userId",
      "get_platform-admins_candidates",
      "get_platform-admins",
      "post_platform-document-acceptances",
      "get_platform-documents_by_documentType_versions",
      "post_platform-documents_by_documentType_versions",
      "get_platform-documents_current",
      "get_platform-legal-settings_current",
      "patch_platform-legal-settings_current",
      "get_platform-settings_current",
      "post_prize-redemptions_by_redemptionId_actions_redeem",
      "get_prize-redemptions_me",
      "get_prize_redemptions_workspace",
      "get_public_events_by_slug_evaluation-criteria",
      "get_public_events_by_slug",
      "get_public_events_by_slug_participants_by_userId_certificate",
      "get_public_events_by_slug_photos",
      "get_public_events_by_slug_prizes",
      "get_public_events_by_slug_published-projects",
      "get_public_events_by_slug_winners",
      "get_public_events",
    ],
  },
  "staff": {
    "byteSize": 422287,
    "toolNames": [
      "patch_account",
      "get_account_events",
      "get_account_events_by_slug_entry",
      "get_account_events_by_slug_feedback",
      "get_account_events_by_slug_gallery",
      "get_account_events_by_slug_participants",
      "get_account_events_by_slug_prizes",
      "get_account_events_by_slug_rosters",
      "get_account_events_by_slug_teams",
      "get_account_events_by_slug_workspace",
      "get_account_overview",
      "get_account_staff_workspace",
      "get_events_by_eventId_applications",
      "post_events_by_eventId_applications",
      "get_events_by_eventId_applications_me",
      "post_events_by_eventId_applications_me_actions_select-track",
      "post_events_by_eventId_applications_me_actions_set-certificate-visibility",
      "post_events_by_eventId_applications_me_actions_verify-luma-email",
      "post_events_by_eventId_applications_me_actions_withdraw",
      "post_events_by_eventId_credits_by_creditId_actions_claim",
      "get_events_by_eventId_credits",
      "get_events_by_eventId_evaluation-criteria",
      "get_events_by_eventId_feedback",
      "get_events_by_eventId",
      "get_events_by_eventId_judges",
      "delete_events_by_eventId_photos_by_photoId",
      "patch_events_by_eventId_photos_by_photoId_highlight",
      "patch_events_by_eventId_photos_by_photoId_public-visibility",
      "get_events_by_eventId_photos",
      "get_events_by_eventId_prizes",
      "get_events_by_eventId_published-projects",
      "get_events_by_eventId_rank_me",
      "get_events_by_eventId_staff",
      "get_events_by_eventId_talk-proposals_by_proposalId",
      "get_events_by_eventId_talk-proposals",
      "get_events_by_eventId_talk-proposals_me",
      "patch_events_by_eventId_talk-proposals_me",
      "post_events_by_eventId_talk-proposals_me",
      "post_events_by_eventId_talk-proposals_me_actions_revise",
      "post_events_by_eventId_talk-proposals_me_actions_submit",
      "post_events_by_eventId_talk-proposals_me_actions_withdraw",
      "post_events_by_eventId_team-join-requests_by_requestId_actions_approve",
      "post_events_by_eventId_team-join-requests_by_requestId_actions_cancel",
      "post_events_by_eventId_team-join-requests_by_requestId_actions_reject",
      "post_events_by_eventId_team-join-requests",
      "post_events_by_eventId_teams_by_teamId_actions_leave",
      "get_events_by_eventId_teams_by_teamId",
      "patch_events_by_eventId_teams_by_teamId",
      "patch_events_by_eventId_teams_by_teamId_join-policy",
      "get_events_by_eventId_teams_by_teamId_join-requests",
      "post_events_by_eventId_teams_by_teamId_members_by_userId_actions_make-admin",
      "post_events_by_eventId_teams_by_teamId_members_by_userId_actions_remove",
      "post_events_by_eventId_teams_by_teamId_submission_actions_submit",
      "post_events_by_eventId_teams_by_teamId_submission_actions_withdraw",
      "get_events_by_eventId_teams_by_teamId_submission",
      "patch_events_by_eventId_teams_by_teamId_submission",
      "post_events_by_eventId_teams_by_teamId_submission",
      "patch_events_by_eventId_teams_by_teamId_submission_public-visibility",
      "get_events_by_eventId_teams",
      "post_events_by_eventId_teams",
      "get_events_by_eventId_terms_current",
      "get_events_by_eventId_winners",
      "get_events",
      "get_events_participation",
      "get_events_slug_by_slug",
      "get_events_slug_by_slug_simplified-claim",
      "post_events_slug_by_slug_simplified-claim_actions_redeem",
      "post_platform-document-acceptances",
      "get_platform-documents_by_documentType_versions",
      "get_platform-documents_current",
      "get_platform-legal-settings_current",
      "get_platform-settings_current",
      "post_prize-redemptions_by_redemptionId_actions_redeem",
      "get_prize-redemptions_me",
      "get_prize_redemptions_workspace",
      "get_public_events_by_slug_evaluation-criteria",
      "get_public_events_by_slug",
      "get_public_events_by_slug_participants_by_userId_certificate",
      "get_public_events_by_slug_photos",
      "get_public_events_by_slug_prizes",
      "get_public_events_by_slug_published-projects",
      "get_public_events_by_slug_winners",
      "get_public_events",
    ],
  },
}
`;
